2026-10-05 10:45:49 | [INFO   ] | Логгер успешно сконфигурирован
2026-10-05 10:45:49 | [INFO   ] | Приложение запущено
2026-10-05 10:45:49 | [INFO   ] | ============================================================
2026-10-05 10:45:49 | [INFO   ] | Запрос на обработку треугольника: A='3', B='4', C='5'
2026-10-05 10:45:49 | [DEBUG  ] | Сторона A: успешно распознана как число 3.0
2026-10-05 10:45:49 | [DEBUG  ] | Сторона B: успешно распознана как число 4.0
2026-10-05 10:45:49 | [DEBUG  ] | Сторона C: успешно распознана как число 5.0
2026-10-05 10:45:49 | [DEBUG  ] | Вид треугольника определён: разносторонний
2026-10-05 10:45:49 | [INFO   ] | Результат: тип='разносторонний', координаты=[(10, 90), (90, 90), (61, 52)]
2026-10-05 10:45:49 | [INFO   ] | ============================================================
2026-10-05 10:45:49 | [INFO   ] | Запрос на обработку треугольника: A='7', B='7', C='7'
2026-10-05 10:45:49 | [DEBUG  ] | Сторона A: успешно распознана как число 7.0
2026-10-05 10:45:49 | [DEBUG  ] | Сторона B: успешно распознана как число 7.0
2026-10-05 10:45:49 | [DEBUG  ] | Сторона C: успешно распознана как число 7.0
2026-10-05 10:45:49 | [DEBUG  ] | Вид треугольника определён: равносторонний
2026-10-05 10:45:49 | [INFO   ] | Результат: тип='равносторонний', координаты=[(10, 90), (90, 90), (50, 21)]
2026-10-05 10:45:49 | [INFO   ] | ============================================================
2026-10-05 10:45:49 | [INFO   ] | Запрос на обработку треугольника: A='5', B='5', C='8'
2026-10-05 10:45:49 | [DEBUG  ] | Сторона A: успешно распознана как число 5.0
2026-10-05 10:45:49 | [DEBUG  ] | Сторона B: успешно распознана как число 5.0
2026-10-05 10:45:49 | [DEBUG  ] | Сторона C: успешно распознана как число 8.0
2026-10-05 10:45:49 | [DEBUG  ] | Вид треугольника определён: равнобедренный
2026-10-05 10:45:49 | [INFO   ] | Результат: тип='равнобедренный', координаты=[(10, 90), (90, 90), (50, 60)]
2026-10-05 10:45:49 | [INFO   ] | ============================================================
2026-10-05 10:45:49 | [INFO   ] | Запрос на обработку треугольника: A='1', B='2', C='10'
2026-10-05 10:45:49 | [DEBUG  ] | Сторона A: успешно распознана как число 1.0
2026-10-05 10:45:49 | [DEBUG  ] | Сторона B: успешно распознана как число 2.0
2026-10-05 10:45:49 | [DEBUG  ] | Сторона C: успешно распознана как число 10.0
2026-10-05 10:45:49 | [DEBUG  ] | Вид треугольника определён: не треугольник
2026-10-05 10:45:49 | [INFO   ] | Результат: тип='не треугольник', координаты=[(-1, -1), (-1, -1), (-1, -1)]
2026-10-05 10:45:49 | [INFO   ] | ============================================================
2026-10-05 10:45:49 | [INFO   ] | Запрос на обработку треугольника: A='-3', B='4', C='5'
2026-10-05 10:45:49 | [DEBUG  ] | Сторона A: успешно распознана как число -3.0
2026-10-05 10:45:49 | [DEBUG  ] | Сторона B: успешно распознана как число 4.0
2026-10-05 10:45:49 | [DEBUG  ] | Сторона C: успешно распознана как число 5.0
2026-10-05 10:45:49 | [WARNING] | Ошибочные числовые данные (не положительные): A=-3.0, B=4.0, C=5.0
2026-10-05 10:45:49 | [INFO   ] | Результат: тип='не треугольник', координаты=[(-1, -1), (-1, -1), (-1, -1)]
2026-10-05 10:45:49 | [INFO   ] | ============================================================
2026-10-05 10:45:49 | [INFO   ] | Запрос на обработку треугольника: A='abc', B='4', C='5'
2026-10-05 10:45:49 | [ERROR  ] | Невалидные (нечисловые) входные данные
2026-10-05 10:45:49 | [ERROR  ] | Трассировка ошибки парсинга:
Traceback (most recent call last):
  File "C:\Users\romanyutasd\PycharmProjects\LAB_Koshman\triangle.py", line 77, in process_triangle
    a = _parse_side(raw_a, "A")
  File "C:\Users\romanyutasd\PycharmProjects\LAB_Koshman\triangle.py", line 18, in _parse_side
    value = float(raw.strip())
ValueError: could not convert string to float: 'abc'
2026-10-05 10:45:49 | [INFO   ] | Результат: тип='', координаты=[(-2, -2), (-2, -2), (-2, -2)]
2026-10-05 10:45:49 | [INFO   ] | ============================================================
2026-10-05 10:45:49 | [INFO   ] | Запрос на обработку треугольника: A='0', B='4', C='5'
2026-10-05 10:45:49 | [DEBUG  ] | Сторона A: успешно распознана как число 0.0
2026-10-05 10:45:49 | [DEBUG  ] | Сторона B: успешно распознана как число 4.0
2026-10-05 10:45:49 | [DEBUG  ] | Сторона C: успешно распознана как число 5.0
2026-10-05 10:45:49 | [WARNING] | Ошибочные числовые данные (не положительные): A=0.0, B=4.0, C=5.0
2026-10-05 10:45:49 | [INFO   ] | Результат: тип='не треугольник', координаты=[(-1, -1), (-1, -1), (-1, -1)]
2026-10-05 10:45:49 | [INFO   ] | Приложение завершено
2026-10-05 10:45:49 | [INFO   ] | Логгер успешно сконфигурирован
2026-10-05 10:45:49 | [INFO   ] | Приложение запущено
2026-10-05 10:45:49 | [INFO   ] | ============================================================
2026-10-05 10:45:49 | [INFO   ] | Запрос на обработку треугольника: A='3', B='4', C='5'
2026-10-05 10:45:49 | [DEBUG  ] | Сторона A: успешно распознана как число 3.0
2026-10-05 10:45:49 | [DEBUG  ] | Сторона B: успешно распознана как число 4.0
2026-10-05 10:45:49 | [DEBUG  ] | Сторона C: успешно распознана как число 5.0
2026-10-05 10:45:49 | [DEBUG  ] | Вид треугольника определён: разносторонний
2026-10-05 10:45:49 | [INFO   ] | Результат: тип='разносторонний', координаты=[(10, 90), (90, 90), (61, 52)]
2026-10-05 10:45:49 | [INFO   ] | ============================================================
2026-10-05 10:45:49 | [INFO   ] | Запрос на обработку треугольника: A='7', B='7', C='7'
2026-10-05 10:45:49 | [DEBUG  ] | Сторона A: успешно распознана как число 7.0
2026-10-05 10:45:49 | [DEBUG  ] | Сторона B: успешно распознана как число 7.0
2026-10-05 10:45:49 | [DEBUG  ] | Сторона C: успешно распознана как число 7.0
2026-10-05 10:45:49 | [DEBUG  ] | Вид треугольника определён: равносторонний
2026-10-05 10:45:49 | [INFO   ] | Результат: тип='равносторонний', координаты=[(10, 90), (90, 90), (50, 21)]
2026-10-05 10:45:49 | [INFO   ] | ============================================================
2026-10-05 10:45:49 | [INFO   ] | Запрос на обработку треугольника: A='5', B='5', C='8'
2026-10-05 10:45:49 | [DEBUG  ] | Сторона A: успешно распознана как число 5.0
2026-10-05 10:45:49 | [DEBUG  ] | Сторона B: успешно распознана как число 5.0
2026-10-05 10:45:49 | [DEBUG  ] | Сторона C: успешно распознана как число 8.0
2026-10-05 10:45:49 | [DEBUG  ] | Вид треугольника определён: равнобедренный
2026-10-05 10:45:49 | [INFO   ] | Результат: тип='равнобедренный', координаты=[(10, 90), (90, 90), (50, 60)]
2026-10-05 10:45:49 | [INFO   ] | ============================================================
2026-10-05 10:45:49 | [INFO   ] | Запрос на обработку треугольника: A='1', B='2', C='10'
2026-10-05 10:45:49 | [DEBUG  ] | Сторона A: успешно распознана как число 1.0
2026-10-05 10:45:49 | [DEBUG  ] | Сторона B: успешно распознана как число 2.0
2026-10-05 10:45:49 | [DEBUG  ] | Сторона C: успешно распознана как число 10.0
2026-10-05 10:45:49 | [DEBUG  ] | Вид треугольника определён: не треугольник
2026-10-05 10:45:49 | [INFO   ] | Результат: тип='не треугольник', координаты=[(-1, -1), (-1, -1), (-1, -1)]
2026-10-05 10:45:49 | [INFO   ] | ============================================================
2026-10-05 10:45:49 | [INFO   ] | Запрос на обработку треугольника: A='-3', B='4', C='5'
2026-10-05 10:45:49 | [DEBUG  ] | Сторона A: успешно распознана как число -3.0
2026-10-05 10:45:49 | [DEBUG  ] | Сторона B: успешно распознана как число 4.0
2026-10-05 10:45:49 | [DEBUG  ] | Сторона C: успешно распознана как число 5.0
2026-10-05 10:45:49 | [WARNING] | Ошибочные числовые данные (не положительные): A=-3.0, B=4.0, C=5.0
2026-10-05 10:45:49 | [INFO   ] | Результат: тип='не треугольник', координаты=[(-1, -1), (-1, -1), (-1, -1)]
2026-10-05 10:45:49 | [INFO   ] | ============================================================
2026-10-05 10:45:49 | [INFO   ] | Запрос на обработку треугольника: A='abc', B='4', C='5'
2026-10-05 10:45:49 | [ERROR  ] | Невалидные (нечисловые) входные данные
2026-10-05 10:45:49 | [ERROR  ] | Трассировка ошибки парсинга:
Traceback (most recent call last):
  File "C:\Users\romanyutasd\PycharmProjects\LAB_Koshman\triangle.py", line 77, in process_triangle
    a = _parse_side(raw_a, "A")
  File "C:\Users\romanyutasd\PycharmProjects\LAB_Koshman\triangle.py", line 18, in _parse_side
    value = float(raw.strip())
ValueError: could not convert string to float: 'abc'
2026-10-05 10:45:49 | [INFO   ] | Результат: тип='', координаты=[(-2, -2), (-2, -2), (-2, -2)]
2026-10-05 10:45:49 | [INFO   ] | ============================================================
2026-10-05 10:45:49 | [INFO   ] | Запрос на обработку треугольника: A='0', B='4', C='5'
2026-10-05 10:45:49 | [DEBUG  ] | Сторона A: успешно распознана как число 0.0
2026-10-05 10:45:49 | [DEBUG  ] | Сторона B: успешно распознана как число 4.0
2026-10-05 10:45:49 | [DEBUG  ] | Сторона C: успешно распознана как число 5.0
2026-10-05 10:45:49 | [WARNING] | Ошибочные числовые данные (не положительные): A=0.0, B=4.0, C=5.0
2026-10-05 10:45:49 | [INFO   ] | Результат: тип='не треугольник', координаты=[(-1, -1), (-1, -1), (-1, -1)]
2026-10-05 10:45:49 | [INFO   ] | Приложение завершено
2026-10-05 11:17:48 | [INFO   ] | Логгер успешно сконфигурирован
2026-10-05 11:17:48 | [INFO   ] | Приложение запущено
2026-10-05 11:17:48 | [INFO   ] | ============================================================
2026-10-05 11:17:48 | [INFO   ] | Запрос на обработку треугольника: A='0.3', B='0.4', C='0.7'
2026-10-05 11:17:48 | [DEBUG  ] | Сторона A: успешно распознана как число 0.3
2026-10-05 11:17:48 | [DEBUG  ] | Сторона B: успешно распознана как число 0.4
2026-10-05 11:17:48 | [DEBUG  ] | Сторона C: успешно распознана как число 0.7
2026-10-05 11:17:48 | [DEBUG  ] | Вид треугольника определён: не треугольник
2026-10-05 11:17:48 | [INFO   ] | Результат: тип='не треугольник', координаты=[(-1, -1), (-1, -1), (-1, -1)]
2026-10-05 11:17:48 | [INFO   ] | ============================================================
2026-10-05 11:17:48 | [INFO   ] | Запрос на обработку треугольника: A='3', B='4', C='5'
2026-10-05 11:17:49 | [DEBUG  ] | Сторона A: успешно распознана как число 3.0
2026-10-05 11:17:49 | [DEBUG  ] | Сторона B: успешно распознана как число 4.0
2026-10-05 11:17:49 | [DEBUG  ] | Сторона C: успешно распознана как число 5.0
2026-10-05 11:17:49 | [DEBUG  ] | Вид треугольника определён: разносторонний
2026-10-05 11:17:49 | [INFO   ] | Результат: тип='разносторонний', координаты=[(10, 90), (90, 90), (61, 52)]
2026-10-05 11:17:49 | [INFO   ] | ============================================================
2026-10-05 11:17:49 | [INFO   ] | Запрос на обработку треугольника: A='7', B='7', C='7'
2026-10-05 11:17:49 | [DEBUG  ] | Сторона A: успешно распознана как число 7.0
2026-10-05 11:17:49 | [DEBUG  ] | Сторона B: успешно распознана как число 7.0
2026-10-05 11:17:49 | [DEBUG  ] | Сторона C: успешно распознана как число 7.0
2026-10-05 11:17:49 | [DEBUG  ] | Вид треугольника определён: равносторонний
2026-10-05 11:17:49 | [INFO   ] | Результат: тип='равносторонний', координаты=[(10, 90), (90, 90), (50, 21)]
2026-10-05 11:17:49 | [INFO   ] | ============================================================
2026-10-05 11:17:49 | [INFO   ] | Запрос на обработку треугольника: A='5', B='5', C='8'
2026-10-05 11:17:49 | [DEBUG  ] | Сторона A: успешно распознана как число 5.0
2026-10-05 11:17:49 | [DEBUG  ] | Сторона B: успешно распознана как число 5.0
2026-10-05 11:17:49 | [DEBUG  ] | Сторона C: успешно распознана как число 8.0
2026-10-05 11:17:49 | [DEBUG  ] | Вид треугольника определён: равнобедренный
2026-10-05 11:17:49 | [INFO   ] | Результат: тип='равнобедренный', координаты=[(10, 90), (90, 90), (50, 60)]
2026-10-05 11:17:49 | [INFO   ] | ============================================================
2026-10-05 11:17:49 | [INFO   ] | Запрос на обработку треугольника: A='1', B='2', C='10'
2026-10-05 11:17:49 | [DEBUG  ] | Сторона A: успешно распознана как число 1.0
2026-10-05 11:17:49 | [DEBUG  ] | Сторона B: успешно распознана как число 2.0
2026-10-05 11:17:49 | [DEBUG  ] | Сторона C: успешно распознана как число 10.0
2026-10-05 11:17:49 | [DEBUG  ] | Вид треугольника определён: не треугольник
2026-10-05 11:17:49 | [INFO   ] | Результат: тип='не треугольник', координаты=[(-1, -1), (-1, -1), (-1, -1)]
2026-10-05 11:17:49 | [INFO   ] | ============================================================
2026-10-05 11:17:49 | [INFO   ] | Запрос на обработку треугольника: A='-3', B='4', C='5'
2026-10-05 11:17:49 | [DEBUG  ] | Сторона A: успешно распознана как число -3.0
2026-10-05 11:17:49 | [DEBUG  ] | Сторона B: успешно распознана как число 4.0
2026-10-05 11:17:49 | [DEBUG  ] | Сторона C: успешно распознана как число 5.0
2026-10-05 11:17:49 | [WARNING] | Ошибочные числовые данные (не положительные): A=-3.0, B=4.0, C=5.0
2026-10-05 11:17:49 | [INFO   ] | Результат: тип='не треугольник', координаты=[(-1, -1), (-1, -1), (-1, -1)]
2026-10-05 11:17:49 | [INFO   ] | ============================================================
2026-10-05 11:17:49 | [INFO   ] | Запрос на обработку треугольника: A='abc', B='4', C='5'
2026-10-05 11:17:49 | [ERROR  ] | Невалидные (нечисловые) входные данные
2026-10-05 11:17:49 | [ERROR  ] | Трассировка ошибки парсинга:
Traceback (most recent call last):
  File "C:\Users\romanyutasd\PycharmProjects\LAB_Koshman\triangle.py", line 77, in process_triangle
    a = _parse_side(raw_a, "A")
  File "C:\Users\romanyutasd\PycharmProjects\LAB_Koshman\triangle.py", line 18, in _parse_side
    value = float(raw.strip())
ValueError: could not convert string to float: 'abc'
2026-10-05 11:17:49 | [INFO   ] | Результат: тип='', координаты=[(-2, -2), (-2, -2), (-2, -2)]
2026-10-05 11:17:49 | [INFO   ] | ============================================================
2026-10-05 11:17:49 | [INFO   ] | Запрос на обработку треугольника: A='0', B='4', C='5'
2026-10-05 11:17:49 | [DEBUG  ] | Сторона A: успешно распознана как число 0.0
2026-10-05 11:17:49 | [DEBUG  ] | Сторона B: успешно распознана как число 4.0
2026-10-05 11:17:49 | [DEBUG  ] | Сторона C: успешно распознана как число 5.0
2026-10-05 11:17:49 | [WARNING] | Ошибочные числовые данные (не положительные): A=0.0, B=4.0, C=5.0
2026-10-05 11:17:49 | [INFO   ] | Результат: тип='не треугольник', координаты=[(-1, -1), (-1, -1), (-1, -1)]
2026-10-05 11:17:49 | [INFO   ] | Приложение завершено
2026-10-05 11:17:49 | [INFO   ] | Логгер успешно сконфигурирован
2026-10-05 11:17:49 | [INFO   ] | Приложение запущено
2026-10-05 11:17:49 | [INFO   ] | ============================================================
2026-10-05 11:17:49 | [INFO   ] | Запрос на обработку треугольника: A='0.3', B='0.4', C='0.7'
2026-10-05 11:17:49 | [DEBUG  ] | Сторона A: успешно распознана как число 0.3
2026-10-05 11:17:49 | [DEBUG  ] | Сторона B: успешно распознана как число 0.4
2026-10-05 11:17:49 | [DEBUG  ] | Сторона C: успешно распознана как число 0.7
2026-10-05 11:17:49 | [DEBUG  ] | Вид треугольника определён: не треугольник
2026-10-05 11:17:49 | [INFO   ] | Результат: тип='не треугольник', координаты=[(-1, -1), (-1, -1), (-1, -1)]
2026-10-05 11:17:49 | [INFO   ] | ============================================================
2026-10-05 11:17:49 | [INFO   ] | Запрос на обработку треугольника: A='3', B='4', C='5'
2026-10-05 11:17:49 | [DEBUG  ] | Сторона A: успешно распознана как число 3.0
2026-10-05 11:17:49 | [DEBUG  ] | Сторона B: успешно распознана как число 4.0
2026-10-05 11:17:49 | [DEBUG  ] | Сторона C: успешно распознана как число 5.0
2026-10-05 11:17:49 | [DEBUG  ] | Вид треугольника определён: разносторонний
2026-10-05 11:17:49 | [INFO   ] | Результат: тип='разносторонний', координаты=[(10, 90), (90, 90), (61, 52)]
2026-10-05 11:17:49 | [INFO   ] | ============================================================
2026-10-05 11:17:49 | [INFO   ] | Запрос на обработку треугольника: A='7', B='7', C='7'
2026-10-05 11:17:49 | [DEBUG  ] | Сторона A: успешно распознана как число 7.0
2026-10-05 11:17:49 | [DEBUG  ] | Сторона B: успешно распознана как число 7.0
2026-10-05 11:17:49 | [DEBUG  ] | Сторона C: успешно распознана как число 7.0
2026-10-05 11:17:49 | [DEBUG  ] | Вид треугольника определён: равносторонний
2026-10-05 11:17:49 | [INFO   ] | Результат: тип='равносторонний', координаты=[(10, 90), (90, 90), (50, 21)]
2026-10-05 11:17:49 | [INFO   ] | ============================================================
2026-10-05 11:17:49 | [INFO   ] | Запрос на обработку треугольника: A='5', B='5', C='8'
2026-10-05 11:17:49 | [DEBUG  ] | Сторона A: успешно распознана как число 5.0
2026-10-05 11:17:49 | [DEBUG  ] | Сторона B: успешно распознана как число 5.0
2026-10-05 11:17:49 | [DEBUG  ] | Сторона C: успешно распознана как число 8.0
2026-10-05 11:17:49 | [DEBUG  ] | Вид треугольника определён: равнобедренный
2026-10-05 11:17:49 | [INFO   ] | Результат: тип='равнобедренный', координаты=[(10, 90), (90, 90), (50, 60)]
2026-10-05 11:17:49 | [INFO   ] | ============================================================
2026-10-05 11:17:49 | [INFO   ] | Запрос на обработку треугольника: A='1', B='2', C='10'
2026-10-05 11:17:49 | [DEBUG  ] | Сторона A: успешно распознана как число 1.0
2026-10-05 11:17:49 | [DEBUG  ] | Сторона B: успешно распознана как число 2.0
2026-10-05 11:17:49 | [DEBUG  ] | Сторона C: успешно распознана как число 10.0
2026-10-05 11:17:49 | [DEBUG  ] | Вид треугольника определён: не треугольник
2026-10-05 11:17:49 | [INFO   ] | Результат: тип='не треугольник', координаты=[(-1, -1), (-1, -1), (-1, -1)]
2026-10-05 11:17:49 | [INFO   ] | ============================================================
2026-10-05 11:17:49 | [INFO   ] | Запрос на обработку треугольника: A='-3', B='4', C='5'
2026-10-05 11:17:49 | [DEBUG  ] | Сторона A: успешно распознана как число -3.0
2026-10-05 11:17:49 | [DEBUG  ] | Сторона B: успешно распознана как число 4.0
2026-10-05 11:17:49 | [DEBUG  ] | Сторона C: успешно распознана как число 5.0
2026-10-05 11:17:49 | [WARNING] | Ошибочные числовые данные (не положительные): A=-3.0, B=4.0, C=5.0
2026-10-05 11:17:49 | [INFO   ] | Результат: тип='не треугольник', координаты=[(-1, -1), (-1, -1), (-1, -1)]
2026-10-05 11:17:49 | [INFO   ] | ============================================================
2026-10-05 11:17:49 | [INFO   ] | Запрос на обработку треугольника: A='abc', B='4', C='5'
2026-10-05 11:17:49 | [ERROR  ] | Невалидные (нечисловые) входные данные
2026-10-05 11:17:49 | [ERROR  ] | Трассировка ошибки парсинга:
Traceback (most recent call last):
  File "C:\Users\romanyutasd\PycharmProjects\LAB_Koshman\triangle.py", line 77, in process_triangle
    a = _parse_side(raw_a, "A")
  File "C:\Users\romanyutasd\PycharmProjects\LAB_Koshman\triangle.py", line 18, in _parse_side
    value = float(raw.strip())
ValueError: could not convert string to float: 'abc'
2026-10-05 11:17:49 | [INFO   ] | Результат: тип='', координаты=[(-2, -2), (-2, -2), (-2, -2)]
2026-10-05 11:17:49 | [INFO   ] | ============================================================
2026-10-05 11:17:49 | [INFO   ] | Запрос на обработку треугольника: A='0', B='4', C='5'
2026-10-05 11:17:49 | [DEBUG  ] | Сторона A: успешно распознана как число 0.0
2026-10-05 11:17:49 | [DEBUG  ] | Сторона B: успешно распознана как число 4.0
2026-10-05 11:17:49 | [DEBUG  ] | Сторона C: успешно распознана как число 5.0
2026-10-05 11:17:49 | [WARNING] | Ошибочные числовые данные (не положительные): A=0.0, B=4.0, C=5.0
2026-10-05 11:17:49 | [INFO   ] | Результат: тип='не треугольник', координаты=[(-1, -1), (-1, -1), (-1, -1)]
2026-10-05 11:17:49 | [INFO   ] | Приложение завершено
2026-10-05 11:18:24 | [INFO   ] | Логгер успешно сконфигурирован
2026-10-05 11:18:24 | [INFO   ] | Приложение запущено
2026-10-05 11:18:24 | [INFO   ] | ============================================================
2026-10-05 11:18:24 | [INFO   ] | Запрос на обработку треугольника: A='0.3', B='0.4', C='0.7'
2026-10-05 11:18:24 | [DEBUG  ] | Сторона A: успешно распознана как число 0.3
2026-10-05 11:18:24 | [DEBUG  ] | Сторона B: успешно распознана как число 0.4
2026-10-05 11:18:24 | [DEBUG  ] | Сторона C: успешно распознана как число 0.7
2026-10-05 11:18:24 | [DEBUG  ] | Вид треугольника определён: не треугольник
2026-10-05 11:18:24 | [INFO   ] | Результат: тип='не треугольник', координаты=[(-1, -1), (-1, -1), (-1, -1)]
2026-10-05 11:18:24 | [INFO   ] | ============================================================
2026-10-05 11:18:24 | [INFO   ] | Запрос на обработку треугольника: A='авыаы', B='авыаы', C='авыавы'
2026-10-05 11:18:24 | [ERROR  ] | Невалидные (нечисловые) входные данные
2026-10-05 11:18:24 | [ERROR  ] | Трассировка ошибки парсинга:
Traceback (most recent call last):
  File "C:\Users\romanyutasd\PycharmProjects\LAB_Koshman\triangle.py", line 77, in process_triangle
    a = _parse_side(raw_a, "A")
  File "C:\Users\romanyutasd\PycharmProjects\LAB_Koshman\triangle.py", line 18, in _parse_side
    value = float(raw.strip())
ValueError: could not convert string to float: 'авыаы'
2026-10-05 11:18:24 | [INFO   ] | Результат: тип='', координаты=[(-2, -2), (-2, -2), (-2, -2)]
2026-10-05 11:18:24 | [INFO   ] | ============================================================
2026-10-05 11:18:24 | [INFO   ] | Запрос на обработку треугольника: A='3', B='4', C='5'
2026-10-05 11:18:24 | [DEBUG  ] | Сторона A: успешно распознана как число 3.0
2026-10-05 11:18:24 | [DEBUG  ] | Сторона B: успешно распознана как число 4.0
2026-10-05 11:18:24 | [DEBUG  ] | Сторона C: успешно распознана как число 5.0
2026-10-05 11:18:24 | [DEBUG  ] | Вид треугольника определён: разносторонний
2026-10-05 11:18:24 | [INFO   ] | Результат: тип='разносторонний', координаты=[(10, 90), (90, 90), (61, 52)]
2026-10-05 11:18:24 | [INFO   ] | ============================================================
2026-10-05 11:18:24 | [INFO   ] | Запрос на обработку треугольника: A='7', B='7', C='7'
2026-10-05 11:18:24 | [DEBUG  ] | Сторона A: успешно распознана как число 7.0
2026-10-05 11:18:24 | [DEBUG  ] | Сторона B: успешно распознана как число 7.0
2026-10-05 11:18:24 | [DEBUG  ] | Сторона C: успешно распознана как число 7.0
2026-10-05 11:18:24 | [DEBUG  ] | Вид треугольника определён: равносторонний
2026-10-05 11:18:24 | [INFO   ] | Результат: тип='равносторонний', координаты=[(10, 90), (90, 90), (50, 21)]
2026-10-05 11:18:24 | [INFO   ] | ============================================================
2026-10-05 11:18:24 | [INFO   ] | Запрос на обработку треугольника: A='5', B='5', C='8'
2026-10-05 11:18:24 | [DEBUG  ] | Сторона A: успешно распознана как число 5.0
2026-10-05 11:18:24 | [DEBUG  ] | Сторона B: успешно распознана как число 5.0
2026-10-05 11:18:24 | [DEBUG  ] | Сторона C: успешно распознана как число 8.0
2026-10-05 11:18:24 | [DEBUG  ] | Вид треугольника определён: равнобедренный
2026-10-05 11:18:24 | [INFO   ] | Результат: тип='равнобедренный', координаты=[(10, 90), (90, 90), (50, 60)]
2026-10-05 11:18:24 | [INFO   ] | ============================================================
2026-10-05 11:18:24 | [INFO   ] | Запрос на обработку треугольника: A='1', B='2', C='10'
2026-10-05 11:18:24 | [DEBUG  ] | Сторона A: успешно распознана как число 1.0
2026-10-05 11:18:24 | [DEBUG  ] | Сторона B: успешно распознана как число 2.0
2026-10-05 11:18:24 | [DEBUG  ] | Сторона C: успешно распознана как число 10.0
2026-10-05 11:18:24 | [DEBUG  ] | Вид треугольника определён: не треугольник
2026-10-05 11:18:24 | [INFO   ] | Результат: тип='не треугольник', координаты=[(-1, -1), (-1, -1), (-1, -1)]
2026-10-05 11:18:24 | [INFO   ] | ============================================================
2026-10-05 11:18:24 | [INFO   ] | Запрос на обработку треугольника: A='-3', B='4', C='5'
2026-10-05 11:18:24 | [DEBUG  ] | Сторона A: успешно распознана как число -3.0
2026-10-05 11:18:24 | [DEBUG  ] | Сторона B: успешно распознана как число 4.0
2026-10-05 11:18:24 | [DEBUG  ] | Сторона C: успешно распознана как число 5.0
2026-10-05 11:18:24 | [WARNING] | Ошибочные числовые данные (не положительные): A=-3.0, B=4.0, C=5.0
2026-10-05 11:18:24 | [INFO   ] | Результат: тип='не треугольник', координаты=[(-1, -1), (-1, -1), (-1, -1)]
2026-10-05 11:18:24 | [INFO   ] | ============================================================
2026-10-05 11:18:24 | [INFO   ] | Запрос на обработку треугольника: A='abc', B='4', C='5'
2026-10-05 11:18:24 | [ERROR  ] | Невалидные (нечисловые) входные данные
2026-10-05 11:18:24 | [ERROR  ] | Трассировка ошибки парсинга:
Traceback (most recent call last):
  File "C:\Users\romanyutasd\PycharmProjects\LAB_Koshman\triangle.py", line 77, in process_triangle
    a = _parse_side(raw_a, "A")
  File "C:\Users\romanyutasd\PycharmProjects\LAB_Koshman\triangle.py", line 18, in _parse_side
    value = float(raw.strip())
ValueError: could not convert string to float: 'abc'
2026-10-05 11:18:24 | [INFO   ] | Результат: тип='', координаты=[(-2, -2), (-2, -2), (-2, -2)]
2026-10-05 11:18:24 | [INFO   ] | ============================================================
2026-10-05 11:18:24 | [INFO   ] | Запрос на обработку треугольника: A='0', B='4', C='5'
2026-10-05 11:18:24 | [DEBUG  ] | Сторона A: успешно распознана как число 0.0
2026-10-05 11:18:24 | [DEBUG  ] | Сторона B: успешно распознана как число 4.0
2026-10-05 11:18:24 | [DEBUG  ] | Сторона C: успешно распознана как число 5.0
2026-10-05 11:18:24 | [WARNING] | Ошибочные числовые данные (не положительные): A=0.0, B=4.0, C=5.0
2026-10-05 11:18:24 | [INFO   ] | Результат: тип='не треугольник', координаты=[(-1, -1), (-1, -1), (-1, -1)]
2026-10-05 11:18:24 | [INFO   ] | Приложение завершено
2026-10-05 11:18:24 | [INFO   ] | Логгер успешно сконфигурирован
2026-10-05 11:18:24 | [INFO   ] | Приложение запущено
2026-10-05 11:18:24 | [INFO   ] | ============================================================
2026-10-05 11:18:24 | [INFO   ] | Запрос на обработку треугольника: A='0.3', B='0.4', C='0.7'
2026-10-05 11:18:24 | [DEBUG  ] | Сторона A: успешно распознана как число 0.3
2026-10-05 11:18:24 | [DEBUG  ] | Сторона B: успешно распознана как число 0.4
2026-10-05 11:18:24 | [DEBUG  ] | Сторона C: успешно распознана как число 0.7
2026-10-05 11:18:24 | [DEBUG  ] | Вид треугольника определён: не треугольник
2026-10-05 11:18:24 | [INFO   ] | Результат: тип='не треугольник', координаты=[(-1, -1), (-1, -1), (-1, -1)]
2026-10-05 11:18:24 | [INFO   ] | ============================================================
2026-10-05 11:18:24 | [INFO   ] | Запрос на обработку треугольника: A='авыаы', B='авыаы', C='авыавы'
2026-10-05 11:18:24 | [ERROR  ] | Невалидные (нечисловые) входные данные
2026-10-05 11:18:24 | [ERROR  ] | Трассировка ошибки парсинга:
Traceback (most recent call last):
  File "C:\Users\romanyutasd\PycharmProjects\LAB_Koshman\triangle.py", line 77, in process_triangle
    a = _parse_side(raw_a, "A")
  File "C:\Users\romanyutasd\PycharmProjects\LAB_Koshman\triangle.py", line 18, in _parse_side
    value = float(raw.strip())
ValueError: could not convert string to float: 'авыаы'
2026-10-05 11:18:24 | [INFO   ] | Результат: тип='', координаты=[(-2, -2), (-2, -2), (-2, -2)]
2026-10-05 11:18:24 | [INFO   ] | ============================================================
2026-10-05 11:18:24 | [INFO   ] | Запрос на обработку треугольника: A='3', B='4', C='5'
2026-10-05 11:18:24 | [DEBUG  ] | Сторона A: успешно распознана как число 3.0
2026-10-05 11:18:24 | [DEBUG  ] | Сторона B: успешно распознана как число 4.0
2026-10-05 11:18:24 | [DEBUG  ] | Сторона C: успешно распознана как число 5.0
2026-10-05 11:18:24 | [DEBUG  ] | Вид треугольника определён: разносторонний
2026-10-05 11:18:24 | [INFO   ] | Результат: тип='разносторонний', координаты=[(10, 90), (90, 90), (61, 52)]
2026-10-05 11:18:24 | [INFO   ] | ============================================================
2026-10-05 11:18:24 | [INFO   ] | Запрос на обработку треугольника: A='7', B='7', C='7'
2026-10-05 11:18:24 | [DEBUG  ] | Сторона A: успешно распознана как число 7.0
2026-10-05 11:18:24 | [DEBUG  ] | Сторона B: успешно распознана как число 7.0
2026-10-05 11:18:24 | [DEBUG  ] | Сторона C: успешно распознана как число 7.0
2026-10-05 11:18:24 | [DEBUG  ] | Вид треугольника определён: равносторонний
2026-10-05 11:18:24 | [INFO   ] | Результат: тип='равносторонний', координаты=[(10, 90), (90, 90), (50, 21)]
2026-10-05 11:18:24 | [INFO   ] | ============================================================
2026-10-05 11:18:24 | [INFO   ] | Запрос на обработку треугольника: A='5', B='5', C='8'
2026-10-05 11:18:24 | [DEBUG  ] | Сторона A: успешно распознана как число 5.0
2026-10-05 11:18:24 | [DEBUG  ] | Сторона B: успешно распознана как число 5.0
2026-10-05 11:18:24 | [DEBUG  ] | Сторона C: успешно распознана как число 8.0
2026-10-05 11:18:24 | [DEBUG  ] | Вид треугольника определён: равнобедренный
2026-10-05 11:18:24 | [INFO   ] | Результат: тип='равнобедренный', координаты=[(10, 90), (90, 90), (50, 60)]
2026-10-05 11:18:24 | [INFO   ] | ============================================================
2026-10-05 11:18:24 | [INFO   ] | Запрос на обработку треугольника: A='1', B='2', C='10'
2026-10-05 11:18:24 | [DEBUG  ] | Сторона A: успешно распознана как число 1.0
2026-10-05 11:18:24 | [DEBUG  ] | Сторона B: успешно распознана как число 2.0
2026-10-05 11:18:24 | [DEBUG  ] | Сторона C: успешно распознана как число 10.0
2026-10-05 11:18:24 | [DEBUG  ] | Вид треугольника определён: не треугольник
2026-10-05 11:18:24 | [INFO   ] | Результат: тип='не треугольник', координаты=[(-1, -1), (-1, -1), (-1, -1)]
2026-10-05 11:18:24 | [INFO   ] | ============================================================
2026-10-05 11:18:24 | [INFO   ] | Запрос на обработку треугольника: A='-3', B='4', C='5'
2026-10-05 11:18:24 | [DEBUG  ] | Сторона A: успешно распознана как число -3.0
2026-10-05 11:18:24 | [DEBUG  ] | Сторона B: успешно распознана как число 4.0
2026-10-05 11:18:24 | [DEBUG  ] | Сторона C: успешно распознана как число 5.0
2026-10-05 11:18:24 | [WARNING] | Ошибочные числовые данные (не положительные): A=-3.0, B=4.0, C=5.0
2026-10-05 11:18:24 | [INFO   ] | Результат: тип='не треугольник', координаты=[(-1, -1), (-1, -1), (-1, -1)]
2026-10-05 11:18:24 | [INFO   ] | ============================================================
2026-10-05 11:18:24 | [INFO   ] | Запрос на обработку треугольника: A='abc', B='4', C='5'
2026-10-05 11:18:24 | [ERROR  ] | Невалидные (нечисловые) входные данные
2026-10-05 11:18:24 | [ERROR  ] | Трассировка ошибки парсинга:
Traceback (most recent call last):
  File "C:\Users\romanyutasd\PycharmProjects\LAB_Koshman\triangle.py", line 77, in process_triangle
    a = _parse_side(raw_a, "A")
  File "C:\Users\romanyutasd\PycharmProjects\LAB_Koshman\triangle.py", line 18, in _parse_side
    value = float(raw.strip())
ValueError: could not convert string to float: 'abc'
2026-10-05 11:18:24 | [INFO   ] | Результат: тип='', координаты=[(-2, -2), (-2, -2), (-2, -2)]
2026-10-05 11:18:24 | [INFO   ] | ============================================================
2026-10-05 11:18:24 | [INFO   ] | Запрос на обработку треугольника: A='0', B='4', C='5'
2026-10-05 11:18:24 | [DEBUG  ] | Сторона A: успешно распознана как число 0.0
2026-10-05 11:18:24 | [DEBUG  ] | Сторона B: успешно распознана как число 4.0
2026-10-05 11:18:24 | [DEBUG  ] | Сторона C: успешно распознана как число 5.0
2026-10-05 11:18:24 | [WARNING] | Ошибочные числовые данные (не положительные): A=0.0, B=4.0, C=5.0
2026-10-05 11:18:24 | [INFO   ] | Результат: тип='не треугольник', координаты=[(-1, -1), (-1, -1), (-1, -1)]
2026-10-05 11:18:24 | [INFO   ] | Приложение завершено
